// Jest Snapshot v1, https://goo.gl/fbAQLP

exports[`should render ExpenseList with empty message 1`] = `
<div>
  <p>
    No expenses
  </p>
</div>
`;

exports[`should render ExpenseList with expenses 1`] = `
<div>
  <ExpenseListItem
    amount={50600}
    createdAt={"1970-01-01T00:00:00.000Z"}
    description="Gym "
    id={0}
    key="0"
  />
  <ExpenseListItem
    amount={100500}
    createdAt={-345600000}
    description="Rent bill"
    id={1}
    key="1"
  />
  <ExpenseListItem
    amount={100}
    createdAt={345600000}
    description="water bill"
    id={2}
    key="2"
  />
</div>
`;
